// Jest Snapshot v1, https://goo.gl/fbAQLP

exports[`<Companies /> renders list of company links 1`] = `
<Fragment>
  <div
    className="Companies__title small-section-title"
  >
    Your companies
  </div>
  <Connect(CompanyLink)
    company={
      Object {
        "id": 1,
        "name": "Dummy company",
      }
    }
    key="1"
  />
  <Connect(CompanyLink)
    company={
      Object {
        "id": 2,
        "name": "Smarty company",
      }
    }
    key="2"
  />
</Fragment>
`;
