// Jest Snapshot v1, https://goo.gl/fbAQLP

exports[`<MenuLink /> renders link 1`] = `
<div
  className="MenuLink undefined"
>
  <Connect(DropdownCloser)>
    <div
      className="MenuLink__inner align-items-vertically-center"
      onClick={[Function]}
      role="button"
    >
      <i
        className="MenuLink__icon material-icons"
      >
        phone
      </i>
      Call me
    </div>
  </Connect(DropdownCloser)>
</div>
`;
