// Jest Snapshot v1, https://goo.gl/fbAQLP

exports[`<OutsideClicker /> renders 1`] = `
<Connect(DropdownCloser)>
  <div
    className="OutsideClicker"
  />
</Connect(DropdownCloser)>
`;
